162.158.167.77 - - [08/Nov/2021:14:52:25 +0000] "GET /wp-content/plugins/polylang/js/build/block-editor.min.js?ver=3.0 HTTP/1.1" 200 1895 "https://eatfit.cali.vn/wp-admin/post.php?post=3368&action=edit" "Mozilla/5.0 (Windows NT 6.1) AppleWebKit/537.36 (KHTML, like Gecko) coc_coc_browser/82.0.144 Chrome/76.0.3809.144 Safari/537.36"
162.158.165.153 - - [08/Nov/2021:14:52:25 +0000] "GET /wp-includes/js/wp-ajax-response.min.js?ver=5.8.1 HTTP/1.1" 200 1323 "https://eatfit.cali.vn/wp-admin/post.php?post=3368&action=edit" "Mozilla/5.0 (Windows NT 6.1) AppleWebKit/537.36 (KHTML, like Gecko) coc_coc_browser/82.0.144 Chrome/76.0.3809.144 Safari/537.36"
162.158.167.217 - - [08/Nov/2021:14:52:25 +0000] "GET /wp-includes/js/jquery/ui/draggable.min.js?ver=1.12.1 HTTP/1.1" 200 5177 "https://eatfit.cali.vn/wp-admin/post.php?post=3368&action=edit" "Mozilla/5.0 (Windows NT 6.1) AppleWebKit/537.36 (KHTML, like Gecko) coc_coc_browser/82.0.144 Chrome/76.0.3809.144 Safari/537.36"
162.158.165.135 - - [08/Nov/2021:14:52:25 +0000] "GET /wp-content/plugins/wpsitesync-pull/assets/js/sync-pull.js?ver=2.3 HTTP/1.1" 200 4450 "https://eatfit.cali.vn/wp-admin/post.php?post=3368&action=edit" "Mozilla/5.0 (Windows NT 6.1) AppleWebKit/537.36 (KHTML, like Gecko) coc_coc_browser/82.0.144 Chrome/76.0.3809.144 Safari/537.36"
162.158.166.20 - - [08/Nov/2021:14:52:25 +0000] "GET /wp-admin/js/iris.min.js?ver=1.0.7 HTTP/1.1" 200 8432 "https://eatfit.cali.vn/wp-admin/post.php?post=3368&action=edit" "Mozilla/5.0 (Windows NT 6.1) AppleWebKit/537.36 (KHTML, like Gecko) coc_coc_browser/82.0.144 Chrome/76.0.3809.144 Safari/537.36"
172.68.144.118 - - [08/Nov/2021:14:52:25 +0000] "GET /wp-content/plugins/brizy/admin/static/js/script.js?ver=2.2.3 HTTP/1.1" 200 2290 "https://eatfit.cali.vn/wp-admin/post.php?post=3368&action=edit" "Mozilla/5.0 (Windows NT 6.1) AppleWebKit/537.36 (KHTML, like Gecko) coc_coc_browser/82.0.144 Chrome/76.0.3809.144 Safari/537.36"
162.158.165.153 - - [08/Nov/2021:14:52:25 +0000] "GET /wp-content/plugins/brizy/admin/static/js/featured-image.js?ver=2.2.3 HTTP/1.1" 200 1614 "https://eatfit.cali.vn/wp-admin/post.php?post=3368&action=edit" "Mozilla/5.0 (Windows NT 6.1) AppleWebKit/537.36 (KHTML, like Gecko) coc_coc_browser/82.0.144 Chrome/76.0.3809.144 Safari/537.36"
162.158.167.19 - - [08/Nov/2021:14:52:25 +0000] "GET /wp-includes/js/jquery/ui/slider.min.js?ver=1.12.1 HTTP/1.1" 200 3459 "https://eatfit.cali.vn/wp-admin/post.php?post=3368&action=edit" "Mozilla/5.0 (Windows NT 6.1) AppleWebKit/537.36 (KHTML, like Gecko) coc_coc_browser/82.0.144 Chrome/76.0.3809.144 Safari/537.36"
162.158.165.121 - - [08/Nov/2021:14:52:25 +0000] "GET /wp-includes/js/jquery/jquery.ui.touch-punch.js?ver=0.2.2 HTTP/1.1" 200 935 "https://eatfit.cali.vn/wp-admin/post.php?post=3368&action=edit" "Mozilla/5.0 (Windows NT 6.1) AppleWebKit/537.36 (KHTML, like Gecko) coc_coc_browser/82.0.144 Chrome/76.0.3809.144 Safari/537.36"
162.158.165.77 - - [08/Nov/2021:14:52:25 +0000] "GET /wp-admin/js/color-picker.min.js?ver=5.8.1 HTTP/1.1" 200 1555 "https://eatfit.cali.vn/wp-admin/post.php?post=3368&action=edit" "Mozilla/5.0 (Windows NT 6.1) AppleWebKit/537.36 (KHTML, like Gecko) coc_coc_browser/82.0.144 Chrome/76.0.3809.144 Safari/537.36"
162.158.167.77 - - [08/Nov/2021:14:52:25 +0000] "GET /wp-content/plugins/wpsitesynccontent/assets/imgs/ajax-loader.gif HTTP/1.1" 200 1007 "https://eatfit.cali.vn/wp-admin/post.php?post=3368&action=edit" "Mozilla/5.0 (Windows NT 6.1) AppleWebKit/537.36 (KHTML, like Gecko) coc_coc_browser/82.0.144 Chrome/76.0.3809.144 Safari/537.36"
162.158.167.215 - - [08/Nov/2021:14:52:25 +0000] "GET /wp-content/plugins/wpsitesynccontent/assets/imgs/wpsitesync-logo-blue.png HTTP/1.1" 200 16967 "https://eatfit.cali.vn/wp-admin/post.php?post=3368&action=edit" "Mozilla/5.0 (Windows NT 6.1) AppleWebKit/537.36 (KHTML, like Gecko) coc_coc_browser/82.0.144 Chrome/76.0.3809.144 Safari/537.36"
162.158.167.203 - - [08/Nov/2021:14:52:25 +0000] "GET /wp-includes/js/tinymce/plugins/compat3x/plugin.min.js?ver=49110-20201110 HTTP/1.1" 200 2091 "https://eatfit.cali.vn/wp-admin/post.php?post=3368&action=edit" "Mozilla/5.0 (Windows NT 6.1) AppleWebKit/537.36 (KHTML, like Gecko) coc_coc_browser/82.0.144 Chrome/76.0.3809.144 Safari/537.36"
162.158.167.213 - - [08/Nov/2021:14:52:25 +0000] "GET /wp-includes/js/tinymce/tinymce.min.js?ver=49110-20201110 HTTP/1.1" 200 124876 "https://eatfit.cali.vn/wp-admin/post.php?post=3368&action=edit" "Mozilla/5.0 (Windows NT 6.1) AppleWebKit/537.36 (KHTML, like Gecko) coc_coc_browser/82.0.144 Chrome/76.0.3809.144 Safari/537.36"
162.158.165.39 - - [08/Nov/2021:14:52:25 +0000] "GET /wp-content/plugins/wordpress-seo/js/dist/analysis-worker-1591.js HTTP/1.1" 200 30174 "https://eatfit.cali.vn/wp-admin/post.php?post=3368&action=edit" "Mozilla/5.0 (Windows NT 6.1) AppleWebKit/537.36 (KHTML, like Gecko) coc_coc_browser/82.0.144 Chrome/76.0.3809.144 Safari/537.36"
::1 - - [08/Nov/2021:14:52:25 +0000] "OPTIONS * HTTP/1.0" 200 126 "-" "Apache/2.4.41 (Ubuntu) OpenSSL/1.1.1f (internal dummy connection)"
162.158.165.231 - - [08/Nov/2021:14:52:25 +0000] "GET /wp-includes/js/thickbox/loadingAnimation.gif HTTP/1.1" 200 15525 "https://eatfit.cali.vn/wp-admin/post.php?post=3368&action=edit" "Mozilla/5.0 (Windows NT 6.1) AppleWebKit/537.36 (KHTML, like Gecko) coc_coc_browser/82.0.144 Chrome/76.0.3809.144 Safari/537.36"
::1 - - [08/Nov/2021:14:52:26 +0000] "OPTIONS * HTTP/1.0" 200 126 "-" "Apache/2.4.41 (Ubuntu) OpenSSL/1.1.1f (internal dummy connection)"
162.158.165.227 - - [08/Nov/2021:14:52:27 +0000] "GET /wp-content/uploads/2021/02/cropped-ayabody_logo_favicon.jpg HTTP/1.1" 200 11040 "https://eatfit.cali.vn/wp-admin/post.php?post=3368&action=edit" "Mozilla/5.0 (Windows NT 6.1) AppleWebKit/537.36 (KHTML, like Gecko) coc_coc_browser/82.0.144 Chrome/76.0.3809.144 Safari/537.36"
::1 - - [08/Nov/2021:14:52:27 +0000] "OPTIONS * HTTP/1.0" 200 126 "-" "Apache/2.4.41 (Ubuntu) OpenSSL/1.1.1f (internal dummy connection)"
162.158.165.77 - - [08/Nov/2021:14:52:27 +0000] "GET /wp-json/wp/v2/blocks?context=edit&per_page=100&lang=vi&_locale=user HTTP/1.1" 200 705 "https://eatfit.cali.vn/wp-admin/post.php?post=3368&action=edit" "Mozilla/5.0 (Windows NT 6.1) AppleWebKit/537.36 (KHTML, like Gecko) coc_coc_browser/82.0.144 Chrome/76.0.3809.144 Safari/537.36"
162.158.165.77 - - [08/Nov/2021:14:52:27 +0000] "OPTIONS /wp-json/wp/v2/media?lang=vi&_locale=user HTTP/1.1" 200 16003 "https://eatfit.cali.vn/wp-admin/post.php?post=3368&action=edit" "Mozilla/5.0 (Windows NT 6.1) AppleWebKit/537.36 (KHTML, like Gecko) coc_coc_browser/82.0.144 Chrome/76.0.3809.144 Safari/537.36"
162.158.165.77 - - [08/Nov/2021:14:52:27 +0000] "GET /wp-json/wp/v2/users/me?lang=vi&_locale=user HTTP/1.1" 200 3877 "https://eatfit.cali.vn/wp-admin/post.php?post=3368&action=edit" "Mozilla/5.0 (Windows NT 6.1) AppleWebKit/537.36 (KHTML, like Gecko) coc_coc_browser/82.0.144 Chrome/76.0.3809.144 Safari/537.36"
162.158.165.77 - - [08/Nov/2021:14:52:27 +0000] "GET /wp-json/?lang=vi&_locale=user HTTP/1.1" 200 174728 "https://eatfit.cali.vn/wp-admin/post.php?post=3368&action=edit" "Mozilla/5.0 (Windows NT 6.1) AppleWebKit/537.36 (KHTML, like Gecko) coc_coc_browser/82.0.144 Chrome/76.0.3809.144 Safari/537.36"
162.158.165.77 - - [08/Nov/2021:14:52:28 +0000] "OPTIONS /wp-json/wp/v2/blocks?lang=vi&_locale=user HTTP/1.1" 200 10750 "https://eatfit.cali.vn/wp-admin/post.php?post=3368&action=edit" "Mozilla/5.0 (Windows NT 6.1) AppleWebKit/537.36 (KHTML, like Gecko) coc_coc_browser/82.0.144 Chrome/76.0.3809.144 Safari/537.36"
162.158.165.77 - - [08/Nov/2021:14:52:28 +0000] "GET /wp-json/wp/v2/users/?who=authors&per_page=100&lang=vi&_locale=user HTTP/1.1" 200 45878 "https://eatfit.cali.vn/wp-admin/post.php?post=3368&action=edit" "Mozilla/5.0 (Windows NT 6.1) AppleWebKit/537.36 (KHTML, like Gecko) coc_coc_browser/82.0.144 Chrome/76.0.3809.144 Safari/537.36"
162.158.165.77 - - [08/Nov/2021:14:52:28 +0000] "GET /wp-json/wp/v2/categories?per_page=100&orderby=name&order=asc&_fields=id%2Cname%2Cparent&lang=vi&_locale=user HTTP/1.1" 200 1814 "https://eatfit.cali.vn/wp-admin/post.php?post=3368&action=edit" "Mozilla/5.0 (Windows NT 6.1) AppleWebKit/537.36 (KHTML, like Gecko) coc_coc_browser/82.0.144 Chrome/76.0.3809.144 Safari/537.36"
162.158.165.77 - - [08/Nov/2021:14:52:28 +0000] "GET /wp-json/wp/v2/categories?per_page=100&orderby=count&order=desc&_fields=id%2Cname&lang=vi&_locale=user HTTP/1.1" 200 1580 "https://eatfit.cali.vn/wp-admin/post.php?post=3368&action=edit" "Mozilla/5.0 (Windows NT 6.1) AppleWebKit/537.36 (KHTML, like Gecko) coc_coc_browser/82.0.144 Chrome/76.0.3809.144 Safari/537.36"
162.158.165.77 - - [08/Nov/2021:14:52:28 +0000] "GET /wp-json/wp/v2/posts/3368?lang=vi&_locale=user HTTP/1.1" 200 17138 "https://eatfit.cali.vn/wp-admin/post.php?post=3368&action=edit" "Mozilla/5.0 (Windows NT 6.1) AppleWebKit/537.36 (KHTML, like Gecko) coc_coc_browser/82.0.144 Chrome/76.0.3809.144 Safari/537.36"
::1 - - [08/Nov/2021:14:52:28 +0000] "OPTIONS * HTTP/1.0" 200 126 "-" "Apache/2.4.41 (Ubuntu) OpenSSL/1.1.1f (internal dummy connection)"
162.158.165.77 - - [08/Nov/2021:14:52:28 +0000] "GET /wp-json/wp/v2/taxonomies/category?context=edit&lang=vi&_locale=user HTTP/1.1" 200 2604 "https://eatfit.cali.vn/wp-admin/post.php?post=3368&action=edit" "Mozilla/5.0 (Windows NT 6.1) AppleWebKit/537.36 (KHTML, like Gecko) coc_coc_browser/82.0.144 Chrome/76.0.3809.144 Safari/537.36"
162.158.165.77 - - [08/Nov/2021:14:52:28 +0000] "GET /wp-json/wp/v2/taxonomies/post_tag?context=edit&lang=vi&_locale=user HTTP/1.1" 200 2558 "https://eatfit.cali.vn/wp-admin/post.php?post=3368&action=edit" "Mozilla/5.0 (Windows NT 6.1) AppleWebKit/537.36 (KHTML, like Gecko) coc_coc_browser/82.0.144 Chrome/76.0.3809.144 Safari/537.36"
162.158.166.18 - - [08/Nov/2021:14:52:28 +0000] "GET /wp-content/plugins/wordpress-seo/js/dist/used-keywords-assessment-1591.js HTTP/1.1" 200 1244 "https://eatfit.cali.vn/wp-content/plugins/wordpress-seo/js/dist/analysis-worker-1591.js" "Mozilla/5.0 (Windows NT 6.1) AppleWebKit/537.36 (KHTML, like Gecko) coc_coc_browser/82.0.144 Chrome/76.0.3809.144 Safari/537.36"
162.158.165.77 - - [08/Nov/2021:14:52:28 +0000] "GET /wp-json/wp/v2/taxonomies?context=edit&lang=vi&_locale=user HTTP/1.1" 200 4522 "https://eatfit.cali.vn/wp-admin/post.php?post=3368&action=edit" "Mozilla/5.0 (Windows NT 6.1) AppleWebKit/537.36 (KHTML, like Gecko) coc_coc_browser/82.0.144 Chrome/76.0.3809.144 Safari/537.36"
::1 - - [08/Nov/2021:14:52:29 +0000] "OPTIONS * HTTP/1.0" 200 126 "-" "Apache/2.4.41 (Ubuntu) OpenSSL/1.1.1f (internal dummy connection)"
162.158.165.77 - - [08/Nov/2021:14:52:29 +0000] "GET /wp-json/wp/v2/taxonomies?context=edit&lang=vi&_locale=user HTTP/1.1" 200 4522 "https://eatfit.cali.vn/wp-admin/post.php?post=3368&action=edit" "Mozilla/5.0 (Windows NT 6.1) AppleWebKit/537.36 (KHTML, like Gecko) coc_coc_browser/82.0.144 Chrome/76.0.3809.144 Safari/537.36"
162.158.165.77 - - [08/Nov/2021:14:52:30 +0000] "GET /wp-json/wp/v2/tags?context=edit&per_page=10&orderby=count&order=desc&hide_empty=true&_fields=id%2Cname%2Ccount&lang=vi&_locale=user HTTP/1.1" 200 1275 "https://eatfit.cali.vn/wp-admin/post.php?post=3368&action=edit" "Mozilla/5.0 (Windows NT 6.1) AppleWebKit/537.36 (KHTML, like Gecko) coc_coc_browser/82.0.144 Chrome/76.0.3809.144 Safari/537.36"
::1 - - [08/Nov/2021:14:52:30 +0000] "OPTIONS * HTTP/1.0" 200 126 "-" "Apache/2.4.41 (Ubuntu) OpenSSL/1.1.1f (internal dummy connection)"
::1 - - [08/Nov/2021:14:52:31 +0000] "OPTIONS * HTTP/1.0" 200 126 "-" "Apache/2.4.41 (Ubuntu) OpenSSL/1.1.1f (internal dummy connection)"
::1 - - [08/Nov/2021:14:52:32 +0000] "OPTIONS * HTTP/1.0" 200 126 "-" "Apache/2.4.41 (Ubuntu) OpenSSL/1.1.1f (internal dummy connection)"
::1 - - [08/Nov/2021:14:52:33 +0000] "OPTIONS * HTTP/1.0" 200 126 "-" "Apache/2.4.41 (Ubuntu) OpenSSL/1.1.1f (internal dummy connection)"
::1 - - [08/Nov/2021:14:52:34 +0000] "OPTIONS * HTTP/1.0" 200 126 "-" "Apache/2.4.41 (Ubuntu) OpenSSL/1.1.1f (internal dummy connection)"
::1 - - [08/Nov/2021:14:52:35 +0000] "OPTIONS * HTTP/1.0" 200 126 "-" "Apache/2.4.41 (Ubuntu) OpenSSL/1.1.1f (internal dummy connection)"
::1 - - [08/Nov/2021:14:52:36 +0000] "OPTIONS * HTTP/1.0" 200 126 "-" "Apache/2.4.41 (Ubuntu) OpenSSL/1.1.1f (internal dummy connection)"
::1 - - [08/Nov/2021:14:52:37 +0000] "OPTIONS * HTTP/1.0" 200 126 "-" "Apache/2.4.41 (Ubuntu) OpenSSL/1.1.1f (internal dummy connection)"
::1 - - [08/Nov/2021:14:52:38 +0000] "OPTIONS * HTTP/1.0" 200 126 "-" "Apache/2.4.41 (Ubuntu) OpenSSL/1.1.1f (internal dummy connection)"
::1 - - [08/Nov/2021:14:52:39 +0000] "OPTIONS * HTTP/1.0" 200 126 "-" "Apache/2.4.41 (Ubuntu) OpenSSL/1.1.1f (internal dummy connection)"
::1 - - [08/Nov/2021:14:52:40 +0000] "OPTIONS * HTTP/1.0" 200 126 "-" "Apache/2.4.41 (Ubuntu) OpenSSL/1.1.1f (internal dummy connection)"
::1 - - [08/Nov/2021:14:52:41 +0000] "OPTIONS * HTTP/1.0" 200 126 "-" "Apache/2.4.41 (Ubuntu) OpenSSL/1.1.1f (internal dummy connection)"
::1 - - [08/Nov/2021:14:52:42 +0000] "OPTIONS * HTTP/1.0" 200 126 "-" "Apache/2.4.41 (Ubuntu) OpenSSL/1.1.1f (internal dummy connection)"
::1 - - [08/Nov/2021:14:52:43 +0000] "OPTIONS * HTTP/1.0" 200 126 "-" "Apache/2.4.41 (Ubuntu) OpenSSL/1.1.1f (internal dummy connection)"
::1 - - [08/Nov/2021:14:52:44 +0000] "OPTIONS * HTTP/1.0" 200 126 "-" "Apache/2.4.41 (Ubuntu) OpenSSL/1.1.1f (internal dummy connection)"
::1 - - [08/Nov/2021:14:52:45 +0000] "OPTIONS * HTTP/1.0" 200 126 "-" "Apache/2.4.41 (Ubuntu) OpenSSL/1.1.1f (internal dummy connection)"
::1 - - [08/Nov/2021:14:52:46 +0000] "OPTIONS * HTTP/1.0" 200 126 "-" "Apache/2.4.41 (Ubuntu) OpenSSL/1.1.1f (internal dummy connection)"
::1 - - [08/Nov/2021:14:52:47 +0000] "OPTIONS * HTTP/1.0" 200 126 "-" "Apache/2.4.41 (Ubuntu) OpenSSL/1.1.1f (internal dummy connection)"
::1 - - [08/Nov/2021:14:52:48 +0000] "OPTIONS * HTTP/1.0" 200 126 "-" "Apache/2.4.41 (Ubuntu) OpenSSL/1.1.1f (internal dummy connection)"
::1 - - [08/Nov/2021:14:52:49 +0000] "OPTIONS * HTTP/1.0" 200 126 "-" "Apache/2.4.41 (Ubuntu) OpenSSL/1.1.1f (internal dummy connection)"
::1 - - [08/Nov/2021:14:52:50 +0000] "OPTIONS * HTTP/1.0" 200 126 "-" "Apache/2.4.41 (Ubuntu) OpenSSL/1.1.1f (internal dummy connection)"
::1 - - [08/Nov/2021:14:52:51 +0000] "OPTIONS * HTTP/1.0" 200 126 "-" "Apache/2.4.41 (Ubuntu) OpenSSL/1.1.1f (internal dummy connection)"
162.158.165.21 - - [08/Nov/2021:14:52:52 +0000] "GET /vi/dinh-duong-toan-dien-la-gi/ HTTP/1.1" 200 12669 "-" "Mozilla/5.0 (Windows NT 6.1) AppleWebKit/537.36 (KHTML, like Gecko) coc_coc_browser/82.0.144 Chrome/76.0.3809.144 Safari/537.36"
172.68.144.112 - - [08/Nov/2021:14:52:52 +0000] "GET /wp-includes/css/admin-bar.min.css?ver=5.8.1 HTTP/1.1" 200 4096 "https://eatfit.cali.vn/vi/dinh-duong-toan-dien-la-gi/" "Mozilla/5.0 (Windows NT 6.1) AppleWebKit/537.36 (KHTML, like Gecko) coc_coc_browser/82.0.144 Chrome/76.0.3809.144 Safari/537.36"
162.158.165.17 - - [08/Nov/2021:14:52:52 +0000] "GET /wp-includes/css/dist/block-library/style.min.css?ver=5.8.1 HTTP/1.1" 200 10863 "https://eatfit.cali.vn/vi/dinh-duong-toan-dien-la-gi/" "Mozilla/5.0 (Windows NT 6.1) AppleWebKit/537.36 (KHTML, like Gecko) coc_coc_browser/82.0.144 Chrome/76.0.3809.144 Safari/537.36"
162.158.165.205 - - [08/Nov/2021:14:52:52 +0000] "GET /wp-content/plugins/simply-schedule-appointments/assets/css/ssa-styles.css?ver=2.4.2.6 HTTP/1.1" 200 436 "https://eatfit.cali.vn/vi/dinh-duong-toan-dien-la-gi/" "Mozilla/5.0 (Windows NT 6.1) AppleWebKit/537.36 (KHTML, like Gecko) coc_coc_browser/82.0.144 Chrome/76.0.3809.144 Safari/537.36"
162.158.167.85 - - [08/Nov/2021:14:52:52 +0000] "GET /wp-content/themes/ayobody/assets/css/main.min.css?ver=0.9.10 HTTP/1.1" 200 15568 "https://eatfit.cali.vn/vi/dinh-duong-toan-dien-la-gi/" "Mozilla/5.0 (Windows NT 6.1) AppleWebKit/537.36 (KHTML, like Gecko) coc_coc_browser/82.0.144 Chrome/76.0.3809.144 Safari/537.36"
172.68.144.86 - - [08/Nov/2021:14:52:52 +0000] "GET /wp-content/themes/ayobody/assets/css/fonts.min.css?ver=0.9.10 HTTP/1.1" 200 620 "https://eatfit.cali.vn/vi/dinh-duong-toan-dien-la-gi/" "Mozilla/5.0 (Windows NT 6.1) AppleWebKit/537.36 (KHTML, like Gecko) coc_coc_browser/82.0.144 Chrome/76.0.3809.144 Safari/537.36"
162.158.167.247 - - [08/Nov/2021:14:52:52 +0000] "GET /wp-content/themes/ayobody/style.css?ver=0.9.10 HTTP/1.1" 200 1411 "https://eatfit.cali.vn/vi/dinh-duong-toan-dien-la-gi/" "Mozilla/5.0 (Windows NT 6.1) AppleWebKit/537.36 (KHTML, like Gecko) coc_coc_browser/82.0.144 Chrome/76.0.3809.144 Safari/537.36"
::1 - - [08/Nov/2021:14:52:52 +0000] "OPTIONS * HTTP/1.0" 200 126 "-" "Apache/2.4.41 (Ubuntu) OpenSSL/1.1.1f (internal dummy connection)"
162.158.165.241 - - [08/Nov/2021:14:52:52 +0000] "GET /wp-content/themes/ayobody/assets/img/first-step-bg.svg HTTP/1.1" 200 44921 "https://eatfit.cali.vn/vi/dinh-duong-toan-dien-la-gi/" "Mozilla/5.0 (Windows NT 6.1) AppleWebKit/537.36 (KHTML, like Gecko) coc_coc_browser/82.0.144 Chrome/76.0.3809.144 Safari/537.36"
::1 - - [08/Nov/2021:14:52:53 +0000] "OPTIONS * HTTP/1.0" 200 126 "-" "Apache/2.4.41 (Ubuntu) OpenSSL/1.1.1f (internal dummy connection)"
::1 - - [08/Nov/2021:14:52:54 +0000] "OPTIONS * HTTP/1.0" 200 126 "-" "Apache/2.4.41 (Ubuntu) OpenSSL/1.1.1f (internal dummy connection)"
::1 - - [08/Nov/2021:14:52:55 +0000] "OPTIONS * HTTP/1.0" 200 126 "-" "Apache/2.4.41 (Ubuntu) OpenSSL/1.1.1f (internal dummy connection)"
162.158.165.21 - - [08/Nov/2021:14:52:56 +0000] "GET /vi/category/dinh-duong-am-thuc-vi/ HTTP/1.1" 200 9626 "https://eatfit.cali.vn/vi/dinh-duong-toan-dien-la-gi/" "Mozilla/5.0 (Windows NT 6.1) AppleWebKit/537.36 (KHTML, like Gecko) coc_coc_browser/82.0.144 Chrome/76.0.3809.144 Safari/537.36"
::1 - - [08/Nov/2021:14:52:56 +0000] "OPTIONS * HTTP/1.0" 200 126 "-" "Apache/2.4.41 (Ubuntu) OpenSSL/1.1.1f (internal dummy connection)"
162.158.166.144 - - [08/Nov/2021:14:52:57 +0000] "GET /wp-content/uploads/2021/09/image-549x330.png HTTP/1.1" 200 270685 "https://eatfit.cali.vn/vi/category/dinh-duong-am-thuc-vi/" "Mozilla/5.0 (Windows NT 6.1) AppleWebKit/537.36 (KHTML, like Gecko) coc_coc_browser/82.0.144 Chrome/76.0.3809.144 Safari/537.36"
162.158.166.110 - - [08/Nov/2021:14:52:57 +0000] "GET /wp-content/uploads/2021/10/Rainbow-549x330.jpg HTTP/1.1" 200 67862 "https://eatfit.cali.vn/vi/category/dinh-duong-am-thuc-vi/" "Mozilla/5.0 (Windows NT 6.1) AppleWebKit/537.36 (KHTML, like Gecko) coc_coc_browser/82.0.144 Chrome/76.0.3809.144 Safari/537.36"
::1 - - [08/Nov/2021:14:52:57 +0000] "OPTIONS * HTTP/1.0" 200 126 "-" "Apache/2.4.41 (Ubuntu) OpenSSL/1.1.1f (internal dummy connection)"
::1 - - [08/Nov/2021:14:52:58 +0000] "OPTIONS * HTTP/1.0" 200 126 "-" "Apache/2.4.41 (Ubuntu) OpenSSL/1.1.1f (internal dummy connection)"
::1 - - [08/Nov/2021:14:52:59 +0000] "OPTIONS * HTTP/1.0" 200 126 "-" "Apache/2.4.41 (Ubuntu) OpenSSL/1.1.1f (internal dummy connection)"
::1 - - [08/Nov/2021:14:53:00 +0000] "OPTIONS * HTTP/1.0" 200 126 "-" "Apache/2.4.41 (Ubuntu) OpenSSL/1.1.1f (internal dummy connection)"
162.158.165.21 - - [08/Nov/2021:14:53:01 +0000] "GET /vi/category/dinh-duong-am-thuc/ HTTP/1.1" 200 10679 "https://eatfit.cali.vn/vi/category/dinh-duong-am-thuc-vi/" "Mozilla/5.0 (Windows NT 6.1) AppleWebKit/537.36 (KHTML, like Gecko) coc_coc_browser/82.0.144 Chrome/76.0.3809.144 Safari/537.36"
::1 - - [08/Nov/2021:14:53:01 +0000] "OPTIONS * HTTP/1.0" 200 126 "-" "Apache/2.4.41 (Ubuntu) OpenSSL/1.1.1f (internal dummy connection)"
162.158.165.35 - - [08/Nov/2021:14:53:02 +0000] "GET /wp-content/uploads/2021/10/luisa-brimble-OayYJ8nyvfY-unsplash-549x330.jpg HTTP/1.1" 200 30395 "https://eatfit.cali.vn/vi/category/dinh-duong-am-thuc/" "Mozilla/5.0 (Windows NT 6.1) AppleWebKit/537.36 (KHTML, like Gecko) coc_coc_browser/82.0.144 Chrome/76.0.3809.144 Safari/537.36"
::1 - - [08/Nov/2021:14:53:02 +0000] "OPTIONS * HTTP/1.0" 200 126 "-" "Apache/2.4.41 (Ubuntu) OpenSSL/1.1.1f (internal dummy connection)"
::1 - - [08/Nov/2021:14:53:03 +0000] "OPTIONS * HTTP/1.0" 200 126 "-" "Apache/2.4.41 (Ubuntu) OpenSSL/1.1.1f (internal dummy connection)"
::1 - - [08/Nov/2021:14:53:04 +0000] "OPTIONS * HTTP/1.0" 200 126 "-" "Apache/2.4.41 (Ubuntu) OpenSSL/1.1.1f (internal dummy connection)"
162.158.167.87 - - [08/Nov/2021:14:53:04 +0000] "GET /wp-content/uploads/2021/06/37923510-879191322288146-31147-3847-9504-1533207866-549x330.jpg HTTP/1.1" 200 59238 "https://eatfit.cali.vn/vi/category/dinh-duong-am-thuc/" "Mozilla/5.0 (Windows NT 6.1) AppleWebKit/537.36 (KHTML, like Gecko) coc_coc_browser/82.0.144 Chrome/76.0.3809.144 Safari/537.36"
162.158.165.121 - - [08/Nov/2021:14:53:04 +0000] "GET /wp-content/uploads/2021/09/Protein-1-549x330.png HTTP/1.1" 200 435808 "https://eatfit.cali.vn/vi/category/dinh-duong-am-thuc/" "Mozilla/5.0 (Windows NT 6.1) AppleWebKit/537.36 (KHTML, like Gecko) coc_coc_browser/82.0.144 Chrome/76.0.3809.144 Safari/537.36"
::1 - - [08/Nov/2021:14:53:05 +0000] "OPTIONS * HTTP/1.0" 200 126 "-" "Apache/2.4.41 (Ubuntu) OpenSSL/1.1.1f (internal dummy connection)"
::1 - - [08/Nov/2021:14:53:06 +0000] "OPTIONS * HTTP/1.0" 200 126 "-" "Apache/2.4.41 (Ubuntu) OpenSSL/1.1.1f (internal dummy connection)"
::1 - - [08/Nov/2021:14:53:07 +0000] "OPTIONS * HTTP/1.0" 200 126 "-" "Apache/2.4.41 (Ubuntu) OpenSSL/1.1.1f (internal dummy connection)"
::1 - - [08/Nov/2021:14:53:08 +0000] "OPTIONS * HTTP/1.0" 200 126 "-" "Apache/2.4.41 (Ubuntu) OpenSSL/1.1.1f (internal dummy connection)"
162.158.165.25 - - [08/Nov/2021:14:53:09 +0000] "GET /vi/adaptogen-thao-duoc-cho-suc-khoe-toan-dien/ HTTP/1.1" 200 14277 "https://eatfit.cali.vn/vi/category/dinh-duong-am-thuc/" "Mozilla/5.0 (Windows NT 6.1) AppleWebKit/537.36 (KHTML, like Gecko) coc_coc_browser/82.0.144 Chrome/76.0.3809.144 Safari/537.36"
::1 - - [08/Nov/2021:14:53:09 +0000] "OPTIONS * HTTP/1.0" 200 126 "-" "Apache/2.4.41 (Ubuntu) OpenSSL/1.1.1f (internal dummy connection)"
162.158.167.223 - - [08/Nov/2021:14:53:09 +0000] "GET /wp-content/uploads/2021/09/image-3-768x487.png HTTP/1.1" 200 383286 "https://eatfit.cali.vn/vi/adaptogen-thao-duoc-cho-suc-khoe-toan-dien/" "Mozilla/5.0 (Windows NT 6.1) AppleWebKit/537.36 (KHTML, like Gecko) coc_coc_browser/82.0.144 Chrome/76.0.3809.144 Safari/537.36"
162.158.165.237 - - [08/Nov/2021:14:53:09 +0000] "GET /wp-content/uploads/2021/09/Webp.net-resizeimage-1-1024x348.jpg HTTP/1.1" 200 90401 "https://eatfit.cali.vn/vi/adaptogen-thao-duoc-cho-suc-khoe-toan-dien/" "Mozilla/5.0 (Windows NT 6.1) AppleWebKit/537.36 (KHTML, like Gecko) coc_coc_browser/82.0.144 Chrome/76.0.3809.144 Safari/537.36"
162.158.166.32 - - [08/Nov/2021:14:53:09 +0000] "GET /wp-content/uploads/2021/09/image-2-768x473.png HTTP/1.1" 200 671859 "https://eatfit.cali.vn/vi/adaptogen-thao-duoc-cho-suc-khoe-toan-dien/" "Mozilla/5.0 (Windows NT 6.1) AppleWebKit/537.36 (KHTML, like Gecko) coc_coc_browser/82.0.144 Chrome/76.0.3809.144 Safari/537.36"
162.158.166.156 - - [08/Nov/2021:14:53:10 +0000] "GET /wp-content/uploads/2021/09/image-1-768x486.png HTTP/1.1" 200 655900 "https://eatfit.cali.vn/vi/adaptogen-thao-duoc-cho-suc-khoe-toan-dien/" "Mozilla/5.0 (Windows NT 6.1) AppleWebKit/537.36 (KHTML, like Gecko) coc_coc_browser/82.0.144 Chrome/76.0.3809.144 Safari/537.36"
::1 - - [08/Nov/2021:14:53:10 +0000] "OPTIONS * HTTP/1.0" 200 126 "-" "Apache/2.4.41 (Ubuntu) OpenSSL/1.1.1f (internal dummy connection)"
::1 - - [08/Nov/2021:14:53:11 +0000] "OPTIONS * HTTP/1.0" 200 126 "-" "Apache/2.4.41 (Ubuntu) OpenSSL/1.1.1f (internal dummy connection)"
::1 - - [08/Nov/2021:14:53:12 +0000] "OPTIONS * HTTP/1.0" 200 126 "-" "Apache/2.4.41 (Ubuntu) OpenSSL/1.1.1f (internal dummy connection)"
::1 - - [08/Nov/2021:14:53:13 +0000] "OPTIONS * HTTP/1.0" 200 126 "-" "Apache/2.4.41 (Ubuntu) OpenSSL/1.1.1f (internal dummy connection)"
::1 - - [08/Nov/2021:14:53:14 +0000] "OPTIONS * HTTP/1.0" 200 126 "-" "Apache/2.4.41 (Ubuntu) OpenSSL/1.1.1f (internal dummy connection)"
::1 - - [08/Nov/2021:14:53:15 +0000] "OPTIONS * HTTP/1.0" 200 126 "-" "Apache/2.4.41 (Ubuntu) OpenSSL/1.1.1f (internal dummy connection)"
::1 - - [08/Nov/2021:14:53:16 +0000] "OPTIONS * HTTP/1.0" 200 126 "-" "Apache/2.4.41 (Ubuntu) OpenSSL/1.1.1f (internal dummy connection)"
::1 - - [08/Nov/2021:14:53:17 +0000] "OPTIONS * HTTP/1.0" 200 126 "-" "Apache/2.4.41 (Ubuntu) OpenSSL/1.1.1f (internal dummy connection)"
::1 - - [08/Nov/2021:14:53:18 +0000] "OPTIONS * HTTP/1.0" 200 126 "-" "Apache/2.4.41 (Ubuntu) OpenSSL/1.1.1f (internal dummy connection)"
::1 - - [08/Nov/2021:14:53:19 +0000] "OPTIONS * HTTP/1.0" 200 126 "-" "Apache/2.4.41 (Ubuntu) OpenSSL/1.1.1f (internal dummy connection)"
::1 - - [08/Nov/2021:14:53:20 +0000] "OPTIONS * HTTP/1.0" 200 126 "-" "Apache/2.4.41 (Ubuntu) OpenSSL/1.1.1f (internal dummy connection)"
::1 - - [08/Nov/2021:14:53:21 +0000] "OPTIONS * HTTP/1.0" 200 126 "-" "Apache/2.4.41 (Ubuntu) OpenSSL/1.1.1f (internal dummy connection)"
::1 - - [08/Nov/2021:14:53:22 +0000] "OPTIONS * HTTP/1.0" 200 126 "-" "Apache/2.4.41 (Ubuntu) OpenSSL/1.1.1f (internal dummy connection)"
::1 - - [08/Nov/2021:14:53:23 +0000] "OPTIONS * HTTP/1.0" 200 126 "-" "Apache/2.4.41 (Ubuntu) OpenSSL/1.1.1f (internal dummy connection)"
::1 - - [08/Nov/2021:14:53:24 +0000] "OPTIONS * HTTP/1.0" 200 126 "-" "Apache/2.4.41 (Ubuntu) OpenSSL/1.1.1f (internal dummy connection)"
::1 - - [08/Nov/2021:14:53:25 +0000] "OPTIONS * HTTP/1.0" 200 126 "-" "Apache/2.4.41 (Ubuntu) OpenSSL/1.1.1f (internal dummy connection)"
::1 - - [08/Nov/2021:14:53:26 +0000] "OPTIONS * HTTP/1.0" 200 126 "-" "Apache/2.4.41 (Ubuntu) OpenSSL/1.1.1f (internal dummy connection)"
162.158.165.25 - - [08/Nov/2021:14:53:26 +0000] "POST /wp-admin/admin-ajax.php HTTP/1.1" 200 631 "https://eatfit.cali.vn/wp-admin/post.php?post=3368&action=edit" "Mozilla/5.0 (Windows NT 6.1) AppleWebKit/537.36 (KHTML, like Gecko) coc_coc_browser/82.0.144 Chrome/76.0.3809.144 Safari/537.36"
::1 - - [08/Nov/2021:14:53:27 +0000] "OPTIONS * HTTP/1.0" 200 126 "-" "Apache/2.4.41 (Ubuntu) OpenSSL/1.1.1f (internal dummy connection)"
::1 - - [08/Nov/2021:14:53:28 +0000] "OPTIONS * HTTP/1.0" 200 126 "-" "Apache/2.4.41 (Ubuntu) OpenSSL/1.1.1f (internal dummy connection)"
::1 - - [08/Nov/2021:14:53:29 +0000] "OPTIONS * HTTP/1.0" 200 126 "-" "Apache/2.4.41 (Ubuntu) OpenSSL/1.1.1f (internal dummy connection)"
::1 - - [08/Nov/2021:14:53:30 +0000] "OPTIONS * HTTP/1.0" 200 126 "-" "Apache/2.4.41 (Ubuntu) OpenSSL/1.1.1f (internal dummy connection)"
::1 - - [08/Nov/2021:14:53:31 +0000] "OPTIONS * HTTP/1.0" 200 126 "-" "Apache/2.4.41 (Ubuntu) OpenSSL/1.1.1f (internal dummy connection)"
162.158.166.110 - - [08/Nov/2021:14:53:32 +0000] "GET /vi/adaptogen-thao-duoc-cho-suc-khoe-toan-dien/ HTTP/1.1" 200 11138 "-" "facebookexternalhit/1.1 (+http://www.facebook.com/externalhit_uatext.php) _zbot"
::1 - - [08/Nov/2021:14:53:32 +0000] "OPTIONS * HTTP/1.0" 200 126 "-" "Apache/2.4.41 (Ubuntu) OpenSSL/1.1.1f (internal dummy connection)"
::1 - - [08/Nov/2021:14:53:33 +0000] "OPTIONS * HTTP/1.0" 200 126 "-" "Apache/2.4.41 (Ubuntu) OpenSSL/1.1.1f (internal dummy connection)"
::1 - - [08/Nov/2021:14:53:34 +0000] "OPTIONS * HTTP/1.0" 200 126 "-" "Apache/2.4.41 (Ubuntu) OpenSSL/1.1.1f (internal dummy connection)"
::1 - - [08/Nov/2021:14:53:35 +0000] "OPTIONS * HTTP/1.0" 200 126 "-" "Apache/2.4.41 (Ubuntu) OpenSSL/1.1.1f (internal dummy connection)"
::1 - - [08/Nov/2021:14:53:36 +0000] "OPTIONS * HTTP/1.0" 200 126 "-" "Apache/2.4.41 (Ubuntu) OpenSSL/1.1.1f (internal dummy connection)"
::1 - - [08/Nov/2021:14:53:37 +0000] "OPTIONS * HTTP/1.0" 200 126 "-" "Apache/2.4.41 (Ubuntu) OpenSSL/1.1.1f (internal dummy connection)"
::1 - - [08/Nov/2021:14:53:38 +0000] "OPTIONS * HTTP/1.0" 200 126 "-" "Apache/2.4.41 (Ubuntu) OpenSSL/1.1.1f (internal dummy connection)"
::1 - - [08/Nov/2021:14:53:39 +0000] "OPTIONS * HTTP/1.0" 200 126 "-" "Apache/2.4.41 (Ubuntu) OpenSSL/1.1.1f (internal dummy connection)"
162.158.167.227 - - [08/Nov/2021:14:53:39 +0000] "GET /vi/category/dinh-duong-am-thuc/ HTTP/1.1" 200 10679 "https://eatfit.cali.vn/vi/category/dinh-duong-am-thuc-vi/" "Mozilla/5.0 (Windows NT 6.1) AppleWebKit/537.36 (KHTML, like Gecko) coc_coc_browser/82.0.144 Chrome/76.0.3809.144 Safari/537.36"
::1 - - [08/Nov/2021:14:53:40 +0000] "OPTIONS * HTTP/1.0" 200 126 "-" "Apache/2.4.41 (Ubuntu) OpenSSL/1.1.1f (internal dummy connection)"
::1 - - [08/Nov/2021:14:53:41 +0000] "OPTIONS * HTTP/1.0" 200 126 "-" "Apache/2.4.41 (Ubuntu) OpenSSL/1.1.1f (internal dummy connection)"
::1 - - [08/Nov/2021:14:53:42 +0000] "OPTIONS * HTTP/1.0" 200 126 "-" "Apache/2.4.41 (Ubuntu) OpenSSL/1.1.1f (internal dummy connection)"
::1 - - [08/Nov/2021:14:53:43 +0000] "OPTIONS * HTTP/1.0" 200 126 "-" "Apache/2.4.41 (Ubuntu) OpenSSL/1.1.1f (internal dummy connection)"
::1 - - [08/Nov/2021:14:53:44 +0000] "OPTIONS * HTTP/1.0" 200 126 "-" "Apache/2.4.41 (Ubuntu) OpenSSL/1.1.1f (internal dummy connection)"
162.158.165.169 - - [08/Nov/2021:14:53:45 +0000] "GET /wp-content/uploads/2021/07/z2639653184296_357e9afb915860f9015f8f4a65e3c5b8-549x330.jpg HTTP/1.1" 200 32996 "https://eatfit.cali.vn/vi/category/dinh-duong-am-thuc/" "Mozilla/5.0 (Windows NT 6.1) AppleWebKit/537.36 (KHTML, like Gecko) coc_coc_browser/82.0.144 Chrome/76.0.3809.144 Safari/537.36"
162.158.165.35 - - [08/Nov/2021:14:53:45 +0000] "GET /wp-content/uploads/2021/09/Untitled-design-8-549x330.jpg HTTP/1.1" 200 34446 "https://eatfit.cali.vn/vi/category/dinh-duong-am-thuc/" "Mozilla/5.0 (Windows NT 6.1) AppleWebKit/537.36 (KHTML, like Gecko) coc_coc_browser/82.0.144 Chrome/76.0.3809.144 Safari/537.36"
::1 - - [08/Nov/2021:14:53:45 +0000] "OPTIONS * HTTP/1.0" 200 126 "-" "Apache/2.4.41 (Ubuntu) OpenSSL/1.1.1f (internal dummy connection)"
::1 - - [08/Nov/2021:14:53:46 +0000] "OPTIONS * HTTP/1.0" 200 126 "-" "Apache/2.4.41 (Ubuntu) OpenSSL/1.1.1f (internal dummy connection)"
::1 - - [08/Nov/2021:14:53:47 +0000] "OPTIONS * HTTP/1.0" 200 126 "-" "Apache/2.4.41 (Ubuntu) OpenSSL/1.1.1f (internal dummy connection)"
162.158.165.141 - - [08/Nov/2021:14:53:48 +0000] "GET /wp-content/uploads/2021/09/Untitled-design-4-549x330.jpg HTTP/1.1" 200 53867 "https://eatfit.cali.vn/vi/category/dinh-duong-am-thuc/" "Mozilla/5.0 (Windows NT 6.1) AppleWebKit/537.36 (KHTML, like Gecko) coc_coc_browser/82.0.144 Chrome/76.0.3809.144 Safari/537.36"
::1 - - [08/Nov/2021:14:53:48 +0000] "OPTIONS * HTTP/1.0" 200 126 "-" "Apache/2.4.41 (Ubuntu) OpenSSL/1.1.1f (internal dummy connection)"
::1 - - [08/Nov/2021:14:53:49 +0000] "OPTIONS * HTTP/1.0" 200 126 "-" "Apache/2.4.41 (Ubuntu) OpenSSL/1.1.1f (internal dummy connection)"
::1 - - [08/Nov/2021:14:53:50 +0000] "OPTIONS * HTTP/1.0" 200 126 "-" "Apache/2.4.41 (Ubuntu) OpenSSL/1.1.1f (internal dummy connection)"
::1 - - [08/Nov/2021:14:53:51 +0000] "OPTIONS * HTTP/1.0" 200 126 "-" "Apache/2.4.41 (Ubuntu) OpenSSL/1.1.1f (internal dummy connection)"
::1 - - [08/Nov/2021:14:53:52 +0000] "OPTIONS * HTTP/1.0" 200 126 "-" "Apache/2.4.41 (Ubuntu) OpenSSL/1.1.1f (internal dummy connection)"
162.158.165.25 - - [08/Nov/2021:14:53:52 +0000] "GET /vi/category/dinh-duong-am-thuc/page/2/ HTTP/1.1" 200 10509 "https://eatfit.cali.vn/vi/category/dinh-duong-am-thuc/" "Mozilla/5.0 (Windows NT 6.1) AppleWebKit/537.36 (KHTML, like Gecko) coc_coc_browser/82.0.144 Chrome/76.0.3809.144 Safari/537.36"
::1 - - [08/Nov/2021:14:53:53 +0000] "OPTIONS * HTTP/1.0" 200 126 "-" "Apache/2.4.41 (Ubuntu) OpenSSL/1.1.1f (internal dummy connection)"
162.158.165.169 - - [08/Nov/2021:14:53:54 +0000] "GET /wp-content/uploads/2021/08/fats-549x330.jpg HTTP/1.1" 200 33974 "https://eatfit.cali.vn/vi/category/dinh-duong-am-thuc/page/2/" "Mozilla/5.0 (Windows NT 6.1) AppleWebKit/537.36 (KHTML, like Gecko) coc_coc_browser/82.0.144 Chrome/76.0.3809.144 Safari/537.36"
172.69.135.221 - - [08/Nov/2021:14:53:54 +0000] "GET /wp-content/uploads/2021/09/Protein-549x330.png HTTP/1.1" 200 435808 "https://eatfit.cali.vn/vi/category/dinh-duong-am-thuc/page/2/" "Mozilla/5.0 (Windows NT 6.1) AppleWebKit/537.36 (KHTML, like Gecko) coc_coc_browser/82.0.144 Chrome/76.0.3809.144 Safari/537.36"
::1 - - [08/Nov/2021:14:53:54 +0000] "OPTIONS * HTTP/1.0" 200 126 "-" "Apache/2.4.41 (Ubuntu) OpenSSL/1.1.1f (internal dummy connection)"
::1 - - [08/Nov/2021:14:53:55 +0000] "OPTIONS * HTTP/1.0" 200 126 "-" "Apache/2.4.41 (Ubuntu) OpenSSL/1.1.1f (internal dummy connection)"
162.158.165.193 - - [08/Nov/2021:14:53:56 +0000] "GET /wp-content/uploads/2021/09/Salt-549x325.png HTTP/1.1" 200 420748 "https://eatfit.cali.vn/vi/category/dinh-duong-am-thuc/page/2/" "Mozilla/5.0 (Windows NT 6.1) AppleWebKit/537.36 (KHTML, like Gecko) coc_coc_browser/82.0.144 Chrome/76.0.3809.144 Safari/537.36"
::1 - - [08/Nov/2021:14:53:56 +0000] "OPTIONS * HTTP/1.0" 200 126 "-" "Apache/2.4.41 (Ubuntu) OpenSSL/1.1.1f (internal dummy connection)"
::1 - - [08/Nov/2021:14:53:57 +0000] "OPTIONS * HTTP/1.0" 200 126 "-" "Apache/2.4.41 (Ubuntu) OpenSSL/1.1.1f (internal dummy connection)"
::1 - - [08/Nov/2021:14:53:58 +0000] "OPTIONS * HTTP/1.0" 200 126 "-" "Apache/2.4.41 (Ubuntu) OpenSSL/1.1.1f (internal dummy connection)"
::1 - - [08/Nov/2021:14:53:59 +0000] "OPTIONS * HTTP/1.0" 200 126 "-" "Apache/2.4.41 (Ubuntu) OpenSSL/1.1.1f (internal dummy connection)"
::1 - - [08/Nov/2021:14:54:00 +0000] "OPTIONS * HTTP/1.0" 200 126 "-" "Apache/2.4.41 (Ubuntu) OpenSSL/1.1.1f (internal dummy connection)"
::1 - - [08/Nov/2021:14:54:01 +0000] "OPTIONS * HTTP/1.0" 200 126 "-" "Apache/2.4.41 (Ubuntu) OpenSSL/1.1.1f (internal dummy connection)"
::1 - - [08/Nov/2021:14:54:02 +0000] "OPTIONS * HTTP/1.0" 200 126 "-" "Apache/2.4.41 (Ubuntu) OpenSSL/1.1.1f (internal dummy connection)"
::1 - - [08/Nov/2021:14:54:03 +0000] "OPTIONS * HTTP/1.0" 200 126 "-" "Apache/2.4.41 (Ubuntu) OpenSSL/1.1.1f (internal dummy connection)"
::1 - - [08/Nov/2021:14:54:04 +0000] "OPTIONS * HTTP/1.0" 200 126 "-" "Apache/2.4.41 (Ubuntu) OpenSSL/1.1.1f (internal dummy connection)"
::1 - - [08/Nov/2021:14:54:05 +0000] "OPTIONS * HTTP/1.0" 200 126 "-" "Apache/2.4.41 (Ubuntu) OpenSSL/1.1.1f (internal dummy connection)"
162.158.165.25 - - [08/Nov/2021:14:54:06 +0000] "GET /vi/category/dinh-duong-am-thuc/page/3/ HTTP/1.1" 200 10379 "https://eatfit.cali.vn/vi/category/dinh-duong-am-thuc/page/2/" "Mozilla/5.0 (Windows NT 6.1) AppleWebKit/537.36 (KHTML, like Gecko) coc_coc_browser/82.0.144 Chrome/76.0.3809.144 Safari/537.36"
::1 - - [08/Nov/2021:14:54:06 +0000] "OPTIONS * HTTP/1.0" 200 126 "-" "Apache/2.4.41 (Ubuntu) OpenSSL/1.1.1f (internal dummy connection)"
::1 - - [08/Nov/2021:14:54:07 +0000] "OPTIONS * HTTP/1.0" 200 126 "-" "Apache/2.4.41 (Ubuntu) OpenSSL/1.1.1f (internal dummy connection)"
::1 - - [08/Nov/2021:14:54:08 +0000] "OPTIONS * HTTP/1.0" 200 126 "-" "Apache/2.4.41 (Ubuntu) OpenSSL/1.1.1f (internal dummy connection)"
::1 - - [08/Nov/2021:14:54:09 +0000] "OPTIONS * HTTP/1.0" 200 126 "-" "Apache/2.4.41 (Ubuntu) OpenSSL/1.1.1f (internal dummy connection)"
::1 - - [08/Nov/2021:14:54:10 +0000] "OPTIONS * HTTP/1.0" 200 126 "-" "Apache/2.4.41 (Ubuntu) OpenSSL/1.1.1f (internal dummy connection)"
::1 - - [08/Nov/2021:14:54:11 +0000] "OPTIONS * HTTP/1.0" 200 126 "-" "Apache/2.4.41 (Ubuntu) OpenSSL/1.1.1f (internal dummy connection)"
::1 - - [08/Nov/2021:14:54:12 +0000] "OPTIONS * HTTP/1.0" 200 126 "-" "Apache/2.4.41 (Ubuntu) OpenSSL/1.1.1f (internal dummy connection)"
::1 - - [08/Nov/2021:14:54:13 +0000] "OPTIONS * HTTP/1.0" 200 126 "-" "Apache/2.4.41 (Ubuntu) OpenSSL/1.1.1f (internal dummy connection)"
162.158.165.105 - - [08/Nov/2021:14:54:15 +0000] "GET /vi/ban-da-biet-ve-che-do-an-chong-viem/ HTTP/1.1" 200 12853 "https://eatfit.cali.vn/vi/category/dinh-duong-am-thuc/page/3/" "Mozilla/5.0 (Windows NT 6.1) AppleWebKit/537.36 (KHTML, like Gecko) coc_coc_browser/82.0.144 Chrome/76.0.3809.144 Safari/537.36"
162.158.165.19 - - [08/Nov/2021:14:54:16 +0000] "GET /wp-content/uploads/2021/08/food-768x473.jpg HTTP/1.1" 200 98440 "https://eatfit.cali.vn/vi/ban-da-biet-ve-che-do-an-chong-viem/" "Mozilla/5.0 (Windows NT 6.1) AppleWebKit/537.36 (KHTML, like Gecko) coc_coc_browser/82.0.144 Chrome/76.0.3809.144 Safari/537.36"
162.158.165.11 - - [08/Nov/2021:14:54:22 +0000] "GET /wp-content/uploads/2021/10/luisa-brimble-OayYJ8nyvfY-unsplash-150x150.jpg HTTP/1.1" 200 6558 "https://eatfit.cali.vn/vi/ban-da-biet-ve-che-do-an-chong-viem/" "Mozilla/5.0 (Windows NT 6.1) AppleWebKit/537.36 (KHTML, like Gecko) coc_coc_browser/82.0.144 Chrome/76.0.3809.144 Safari/537.36"
162.158.165.235 - - [08/Nov/2021:14:54:28 +0000] "GET /vi/ban-da-biet-ve-che-do-an-chong-viem/ HTTP/1.1" 200 9730 "-" "facebookexternalhit/1.1 (+http://www.facebook.com/externalhit_uatext.php) _zbot"
162.158.166.166 - - [08/Nov/2021:14:54:28 +0000] "GET /wp-content/uploads/2021/08/food-1024x630.jpg HTTP/1.1" 200 159498 "-" "Mozilla/5.0 (Windows NT 6.2; Win64; x64) AppleWebKit/537.36 (KHTML, like Gecko) Chrome/32.0.1667.0 Safari/537.36 _zbot"
162.158.166.166 - - [08/Nov/2021:14:54:28 +0000] "GET /wp-content/uploads/2021/08/food-1024x630.jpg HTTP/1.1" 200 159497 "-" "ZaloPC-win32-24v447"
162.158.165.25 - - [08/Nov/2021:14:54:34 +0000] "GET /vi/category/dinh-duong-am-thuc/page/3/ HTTP/1.1" 200 10379 "https://eatfit.cali.vn/vi/category/dinh-duong-am-thuc/page/2/" "Mozilla/5.0 (Windows NT 6.1) AppleWebKit/537.36 (KHTML, like Gecko) coc_coc_browser/82.0.144 Chrome/76.0.3809.144 Safari/537.36"
162.158.165.137 - - [08/Nov/2021:14:54:42 +0000] "GET /vi/6-cach-ket-hop-thuc-pham-tot-cho-suc-khoe/ HTTP/1.1" 200 14814 "https://eatfit.cali.vn/vi/category/dinh-duong-am-thuc/page/3/" "Mozilla/5.0 (Windows NT 6.1) AppleWebKit/537.36 (KHTML, like Gecko) coc_coc_browser/82.0.144 Chrome/76.0.3809.144 Safari/537.36"
162.158.165.21 - - [08/Nov/2021:14:54:54 +0000] "GET /vi/6-cach-ket-hop-thuc-pham-tot-cho-suc-khoe/ HTTP/1.1" 206 11712 "-" "ZaloPC-win32-24v447"
162.158.165.21 - - [08/Nov/2021:14:55:09 +0000] "GET /vi/category/suc-khoe-tam-ly/ HTTP/1.1" 200 10323 "https://eatfit.cali.vn/vi/6-cach-ket-hop-thuc-pham-tot-cho-suc-khoe/" "Mozilla/5.0 (Windows NT 6.1) AppleWebKit/537.36 (KHTML, like Gecko) coc_coc_browser/82.0.144 Chrome/76.0.3809.144 Safari/537.36"
162.158.165.21 - - [08/Nov/2021:14:55:10 +0000] "GET /vi/category/suc-khoe-tam-ly/ HTTP/1.1" 200 10322 "https://eatfit.cali.vn/vi/6-cach-ket-hop-thuc-pham-tot-cho-suc-khoe/" "Mozilla/5.0 (Windows NT 6.1) AppleWebKit/537.36 (KHTML, like Gecko) coc_coc_browser/82.0.144 Chrome/76.0.3809.144 Safari/537.36"
162.158.166.146 - - [08/Nov/2021:14:55:11 +0000] "GET /wp-content/uploads/2021/07/z2639655843984_590d7fec8031bc6af23d2409ab9da031-549x330.jpg HTTP/1.1" 200 14432 "https://eatfit.cali.vn/vi/category/suc-khoe-tam-ly/" "Mozilla/5.0 (Windows NT 6.1) AppleWebKit/537.36 (KHTML, like Gecko) coc_coc_browser/82.0.144 Chrome/76.0.3809.144 Safari/537.36"
172.68.144.56 - - [08/Nov/2021:14:55:11 +0000] "GET /wp-content/uploads/2021/09/Untitled-design-7-3-549x330.jpg HTTP/1.1" 200 28312 "https://eatfit.cali.vn/vi/category/suc-khoe-tam-ly/" "Mozilla/5.0 (Windows NT 6.1) AppleWebKit/537.36 (KHTML, like Gecko) coc_coc_browser/82.0.144 Chrome/76.0.3809.144 Safari/537.36"
162.158.165.55 - - [08/Nov/2021:14:55:11 +0000] "GET /wp-content/uploads/2021/09/Untitled-design-12-549x330.jpg HTTP/1.1" 200 41790 "https://eatfit.cali.vn/vi/category/suc-khoe-tam-ly/" "Mozilla/5.0 (Windows NT 6.1) AppleWebKit/537.36 (KHTML, like Gecko) coc_coc_browser/82.0.144 Chrome/76.0.3809.144 Safari/537.36"
162.158.165.233 - - [08/Nov/2021:14:55:18 +0000] "GET /vi/lam-the-nao-de-nuoi-duong-su-tu-tin-hinh-the/ HTTP/1.1" 200 13750 "https://eatfit.cali.vn/vi/category/suc-khoe-tam-ly/" "Mozilla/5.0 (Windows NT 6.1) AppleWebKit/537.36 (KHTML, like Gecko) coc_coc_browser/82.0.144 Chrome/76.0.3809.144 Safari/537.36"
162.158.165.207 - - [08/Nov/2021:14:55:19 +0000] "GET /wp-content/uploads/2021/09/Untitled-design-12-1024x526.jpg HTTP/1.1" 200 92536 "https://eatfit.cali.vn/vi/lam-the-nao-de-nuoi-duong-su-tu-tin-hinh-the/" "Mozilla/5.0 (Windows NT 6.1) AppleWebKit/537.36 (KHTML, like Gecko) coc_coc_browser/82.0.144 Chrome/76.0.3809.144 Safari/537.36"
162.158.165.69 - - [08/Nov/2021:14:55:27 +0000] "POST /wp-admin/admin-ajax.php HTTP/1.1" 200 631 "https://eatfit.cali.vn/wp-admin/post.php?post=3368&action=edit" "Mozilla/5.0 (Windows NT 6.1) AppleWebKit/537.36 (KHTML, like Gecko) coc_coc_browser/82.0.144 Chrome/76.0.3809.144 Safari/537.36"
172.68.144.38 - - [08/Nov/2021:14:55:30 +0000] "GET /vi/lam-the-nao-de-nuoi-duong-su-tu-tin-hinh-the/ HTTP/1.1" 200 10614 "-" "facebookexternalhit/1.1 (+http://www.facebook.com/externalhit_uatext.php) _zbot"
172.69.135.191 - - [08/Nov/2021:14:55:31 +0000] "GET /wp-content/uploads/2021/09/Untitled-design-12.jpg HTTP/1.1" 200 288120 "-" "Mozilla/5.0 (Windows NT 6.2; Win64; x64) AppleWebKit/537.36 (KHTML, like Gecko) Chrome/32.0.1667.0 Safari/537.36 _zbot"
172.69.135.191 - - [08/Nov/2021:14:55:31 +0000] "GET /wp-content/uploads/2021/09/Untitled-design-12.jpg HTTP/1.1" 200 288119 "-" "ZaloPC-win32-24v447"
162.158.165.25 - - [08/Nov/2021:14:55:36 +0000] "GET /vi/category/suc-khoe-tam-ly/ HTTP/1.1" 200 10323 "https://eatfit.cali.vn/vi/6-cach-ket-hop-thuc-pham-tot-cho-suc-khoe/" "Mozilla/5.0 (Windows NT 6.1) AppleWebKit/537.36 (KHTML, like Gecko) coc_coc_browser/82.0.144 Chrome/76.0.3809.144 Safari/537.36"
162.158.165.153 - - [08/Nov/2021:14:55:38 +0000] "GET /wp-content/uploads/2021/08/refreshing-549x330.jpg HTTP/1.1" 200 15947 "https://eatfit.cali.vn/vi/category/suc-khoe-tam-ly/" "Mozilla/5.0 (Windows NT 6.1) AppleWebKit/537.36 (KHTML, like Gecko) coc_coc_browser/82.0.144 Chrome/76.0.3809.144 Safari/537.36"
162.158.165.25 - - [08/Nov/2021:14:55:42 +0000] "GET /vi/kiem-soat-can-nang-bang-cach-yeu-thuong-ban-than/ HTTP/1.1" 200 13494 "https://eatfit.cali.vn/vi/category/suc-khoe-tam-ly/" "Mozilla/5.0 (Windows NT 6.1) AppleWebKit/537.36 (KHTML, like Gecko) coc_coc_browser/82.0.144 Chrome/76.0.3809.144 Safari/537.36"
162.158.165.137 - - [08/Nov/2021:14:55:43 +0000] "GET /wp-content/uploads/2021/08/love-yourself-1-768x457.jpeg HTTP/1.1" 200 45404 "https://eatfit.cali.vn/vi/kiem-soat-can-nang-bang-cach-yeu-thuong-ban-than/" "Mozilla/5.0 (Windows NT 6.1) AppleWebKit/537.36 (KHTML, like Gecko) coc_coc_browser/82.0.144 Chrome/76.0.3809.144 Safari/537.36"
162.158.165.57 - - [08/Nov/2021:14:55:43 +0000] "GET /wp-content/uploads/2021/08/motivated-768x470.jpg HTTP/1.1" 200 32022 "https://eatfit.cali.vn/vi/kiem-soat-can-nang-bang-cach-yeu-thuong-ban-than/" "Mozilla/5.0 (Windows NT 6.1) AppleWebKit/537.36 (KHTML, like Gecko) coc_coc_browser/82.0.144 Chrome/76.0.3809.144 Safari/537.36"
162.158.165.241 - - [08/Nov/2021:14:55:43 +0000] "GET /wp-content/uploads/2021/08/hug-yourself.jpg HTTP/1.1" 200 48261 "https://eatfit.cali.vn/vi/kiem-soat-can-nang-bang-cach-yeu-thuong-ban-than/" "Mozilla/5.0 (Windows NT 6.1) AppleWebKit/537.36 (KHTML, like Gecko) coc_coc_browser/82.0.144 Chrome/76.0.3809.144 Safari/537.36"
162.158.166.140 - - [08/Nov/2021:14:55:43 +0000] "GET /wp-content/uploads/2021/08/stress-768x432.jpg HTTP/1.1" 200 33514 "https://eatfit.cali.vn/vi/kiem-soat-can-nang-bang-cach-yeu-thuong-ban-than/" "Mozilla/5.0 (Windows NT 6.1) AppleWebKit/537.36 (KHTML, like Gecko) coc_coc_browser/82.0.144 Chrome/76.0.3809.144 Safari/537.36"
162.158.165.69 - - [08/Nov/2021:14:55:48 +0000] "GET /vi/kiem-soat-can-nang-bang-cach-yeu-thuong-ban-than/ HTTP/1.1" 200 10353 "-" "facebookexternalhit/1.1 (+http://www.facebook.com/externalhit_uatext.php) _zbot"
162.158.165.135 - - [08/Nov/2021:14:55:49 +0000] "GET /wp-content/uploads/2021/08/love-yourself-1-1024x610.jpeg HTTP/1.1" 200 69210 "-" "Mozilla/5.0 (X11; Linux x86_64) AppleWebKit/537.36 (KHTML, like Gecko) Chrome/80.0.3987.122 Safari/537.36 _zbot"
162.158.165.135 - - [08/Nov/2021:14:55:49 +0000] "GET /wp-content/uploads/2021/08/love-yourself-1-1024x610.jpeg HTTP/1.1" 200 69209 "-" "ZaloPC-win32-24v447"
172.68.144.38 - - [08/Nov/2021:14:55:53 +0000] "GET /vi/category/suc-khoe-tam-ly/ HTTP/1.1" 200 10323 "https://eatfit.cali.vn/vi/6-cach-ket-hop-thuc-pham-tot-cho-suc-khoe/" "Mozilla/5.0 (Windows NT 6.1) AppleWebKit/537.36 (KHTML, like Gecko) coc_coc_browser/82.0.144 Chrome/76.0.3809.144 Safari/537.36"
162.158.165.69 - - [08/Nov/2021:14:55:59 +0000] "GET /vi/detox-cuoc-song-thanh-loc-the-gioi-cua-ban/ HTTP/1.1" 200 12836 "https://eatfit.cali.vn/vi/category/suc-khoe-tam-ly/" "Mozilla/5.0 (Windows NT 6.1) AppleWebKit/537.36 (KHTML, like Gecko) coc_coc_browser/82.0.144 Chrome/76.0.3809.144 Safari/537.36"
162.158.165.121 - - [08/Nov/2021:14:56:00 +0000] "GET /wp-content/uploads/2021/08/refreshing-768x461.jpg HTTP/1.1" 200 25055 "https://eatfit.cali.vn/vi/detox-cuoc-song-thanh-loc-the-gioi-cua-ban/" "Mozilla/5.0 (Windows NT 6.1) AppleWebKit/537.36 (KHTML, like Gecko) coc_coc_browser/82.0.144 Chrome/76.0.3809.144 Safari/537.36"
172.68.144.44 - - [08/Nov/2021:14:56:00 +0000] "GET /wp-content/uploads/2021/08/clean-house-768x499.jpg HTTP/1.1" 200 48834 "https://eatfit.cali.vn/vi/detox-cuoc-song-thanh-loc-the-gioi-cua-ban/" "Mozilla/5.0 (Windows NT 6.1) AppleWebKit/537.36 (KHTML, like Gecko) coc_coc_browser/82.0.144 Chrome/76.0.3809.144 Safari/537.36"
162.158.165.5 - - [08/Nov/2021:14:56:00 +0000] "GET /wp-content/uploads/2021/08/friends-768x512.jpeg HTTP/1.1" 200 81259 "https://eatfit.cali.vn/vi/detox-cuoc-song-thanh-loc-the-gioi-cua-ban/" "Mozilla/5.0 (Windows NT 6.1) AppleWebKit/537.36 (KHTML, like Gecko) coc_coc_browser/82.0.144 Chrome/76.0.3809.144 Safari/537.36"
162.158.165.131 - - [08/Nov/2021:14:56:00 +0000] "GET /wp-content/uploads/2021/08/selflove.jpg HTTP/1.1" 200 52422 "https://eatfit.cali.vn/vi/detox-cuoc-song-thanh-loc-the-gioi-cua-ban/" "Mozilla/5.0 (Windows NT 6.1) AppleWebKit/537.36 (KHTML, like Gecko) coc_coc_browser/82.0.144 Chrome/76.0.3809.144 Safari/537.36"
162.158.165.41 - - [08/Nov/2021:14:56:00 +0000] "GET /wp-content/uploads/2021/08/put-phone-away-768x512.jpg HTTP/1.1" 200 32676 "https://eatfit.cali.vn/vi/detox-cuoc-song-thanh-loc-the-gioi-cua-ban/" "Mozilla/5.0 (Windows NT 6.1) AppleWebKit/537.36 (KHTML, like Gecko) coc_coc_browser/82.0.144 Chrome/76.0.3809.144 Safari/537.36"
162.158.165.25 - - [08/Nov/2021:14:56:04 +0000] "GET /vi/category/suc-khoe-tam-ly/ HTTP/1.1" 200 10323 "https://eatfit.cali.vn/vi/6-cach-ket-hop-thuc-pham-tot-cho-suc-khoe/" "Mozilla/5.0 (Windows NT 6.1) AppleWebKit/537.36 (KHTML, like Gecko) coc_coc_browser/82.0.144 Chrome/76.0.3809.144 Safari/537.36"
::1 - - [08/Nov/2021:14:56:10 +0000] "OPTIONS * HTTP/1.0" 200 126 "-" "Apache/2.4.41 (Ubuntu) OpenSSL/1.1.1f (internal dummy connection)"
162.158.165.105 - - [08/Nov/2021:14:56:12 +0000] "GET /vi/self-care-cach-cham-soc-ban-than/ HTTP/1.1" 200 13376 "https://eatfit.cali.vn/vi/category/suc-khoe-tam-ly/" "Mozilla/5.0 (Windows NT 6.1) AppleWebKit/537.36 (KHTML, like Gecko) coc_coc_browser/82.0.144 Chrome/76.0.3809.144 Safari/537.36"
162.158.165.21 - - [08/Nov/2021:14:56:26 +0000] "GET /vi/self-care-cach-cham-soc-ban-than/ HTTP/1.1" 200 10251 "-" "facebookexternalhit/1.1 (+http://www.facebook.com/externalhit_uatext.php) _zbot"
162.158.167.211 - - [08/Nov/2021:14:56:30 +0000] "GET /vi/category/suc-khoe-tam-ly/ HTTP/1.1" 200 10323 "https://eatfit.cali.vn/vi/6-cach-ket-hop-thuc-pham-tot-cho-suc-khoe/" "Mozilla/5.0 (Windows NT 6.1) AppleWebKit/537.36 (KHTML, like Gecko) coc_coc_browser/82.0.144 Chrome/76.0.3809.144 Safari/537.36"
162.158.167.211 - - [08/Nov/2021:14:56:31 +0000] "GET /vi/meo-nho-de-giam-cam-giac-them-an/ HTTP/1.1" 200 12227 "https://eatfit.cali.vn/vi/category/suc-khoe-tam-ly/" "Mozilla/5.0 (Windows NT 6.1) AppleWebKit/537.36 (KHTML, like Gecko) coc_coc_browser/82.0.144 Chrome/76.0.3809.144 Safari/537.36"
162.158.166.166 - - [08/Nov/2021:14:56:32 +0000] "GET /wp-content/uploads/2021/08/tongue-scraper-768x757.jpg HTTP/1.1" 200 34194 "https://eatfit.cali.vn/vi/meo-nho-de-giam-cam-giac-them-an/" "Mozilla/5.0 (Windows NT 6.1) AppleWebKit/537.36 (KHTML, like Gecko) coc_coc_browser/82.0.144 Chrome/76.0.3809.144 Safari/537.36"
162.158.166.136 - - [08/Nov/2021:14:56:32 +0000] "GET /wp-content/uploads/2021/08/tongue-scraper1.jpg HTTP/1.1" 200 64557 "https://eatfit.cali.vn/vi/meo-nho-de-giam-cam-giac-them-an/" "Mozilla/5.0 (Windows NT 6.1) AppleWebKit/537.36 (KHTML, like Gecko) coc_coc_browser/82.0.144 Chrome/76.0.3809.144 Safari/537.36"
162.158.166.110 - - [08/Nov/2021:14:56:32 +0000] "GET /wp-content/uploads/2021/08/eat-happily-768x472.jpg HTTP/1.1" 200 77334 "https://eatfit.cali.vn/vi/meo-nho-de-giam-cam-giac-them-an/" "Mozilla/5.0 (Windows NT 6.1) AppleWebKit/537.36 (KHTML, like Gecko) coc_coc_browser/82.0.144 Chrome/76.0.3809.144 Safari/537.36"
162.158.165.21 - - [08/Nov/2021:14:56:36 +0000] "GET /vi/meo-nho-de-giam-cam-giac-them-an/ HTTP/1.1" 200 9119 "-" "facebookexternalhit/1.1 (+http://www.facebook.com/externalhit_uatext.php) _zbot"
162.158.165.31 - - [08/Nov/2021:14:56:37 +0000] "GET /wp-content/uploads/2021/08/tongue-scraper-1024x1010.jpg HTTP/1.1" 200 55538 "-" "Mozilla/5.0 (X11; Linux x86_64) AppleWebKit/537.36 (KHTML, like Gecko) Chrome/80.0.3987.122 Safari/537.36 _zbot"
162.158.165.213 - - [08/Nov/2021:14:56:39 +0000] "GET /wp-content/uploads/2021/09/cha-gio-chay-2.jpg HTTP/1.1" 200 94996 "-" "Googlebot-Image/1.0"
162.158.165.213 - - [08/Nov/2021:14:56:43 +0000] "GET /wp-content/uploads/2021/09/Untitled-design-7-3-150x150.jpg HTTP/1.1" 200 5908 "https://eatfit.cali.vn/vi/meo-nho-de-giam-cam-giac-them-an/" "Mozilla/5.0 (Windows NT 6.1) AppleWebKit/537.36 (KHTML, like Gecko) coc_coc_browser/82.0.144 Chrome/76.0.3809.144 Safari/537.36"
162.158.167.135 - - [08/Nov/2021:14:56:43 +0000] "GET /wp-content/uploads/2021/09/Untitled-design-12-150x150.jpg HTTP/1.1" 200 7956 "https://eatfit.cali.vn/vi/meo-nho-de-giam-cam-giac-them-an/" "Mozilla/5.0 (Windows NT 6.1) AppleWebKit/537.36 (KHTML, like Gecko) coc_coc_browser/82.0.144 Chrome/76.0.3809.144 Safari/537.36"
162.158.165.241 - - [08/Nov/2021:14:56:44 +0000] "GET /wp-content/uploads/2021/07/z2639655843984_590d7fec8031bc6af23d2409ab9da031-150x150.jpg HTTP/1.1" 200 3585 "https://eatfit.cali.vn/vi/meo-nho-de-giam-cam-giac-them-an/" "Mozilla/5.0 (Windows NT 6.1) AppleWebKit/537.36 (KHTML, like Gecko) coc_coc_browser/82.0.144 Chrome/76.0.3809.144 Safari/537.36"
